[salonspaw.com/index.html]
[backblue.gif]
[fade.gif]
[index.html]
[c0.wp.com/c/5.3.2/wp-includes/css/dist/block-library/style.min.css]
[c0.wp.com/c/5.3.2/wp-includes/css/dashicons.min.css]
[salonspaw.com/comments/feed/index.html]
[salonspaw.com/feed/index.html]
[salonspaw.com/wp-content/plugins/everest-forms/assets/css/everest-forms.css]
[salonspaw.com/wp-content/plugins/magee-shortcodes/assets/font-awesome/css/font-awesome.css]
[salonspaw.com/wp-content/plugins/magee-shortcodes/assets/bootstrap/css/bootstrap.min.css]
[salonspaw.com/wp-content/plugins/magee-shortcodes/assets/css/prettyPhoto.css]
[salonspaw.com/wp-content/plugins/magee-shortcodes/assets/jquery-countdown/jquery.classycountdown.css]
[salonspaw.com/wp-content/plugins/magee-shortcodes/assets/css/twentytwenty.css]
[salonspaw.com/wp-content/plugins/magee-shortcodes/assets/css/audioplayer.css]
[salonspaw.com/wp-content/plugins/magee-shortcodes/assets/weathericons/css/weather-icons.min.css]
[salonspaw.com/wp-content/plugins/magee-shortcodes/assets/css/animate.css]
[salonspaw.com/wp-content/plugins/magee-shortcodes/assets/css/shortcode.css]
[salonspaw.com/wp-content/plugins/responsive-lightbox/assets/swipebox/swipebox.min.css]
[salonspaw.com/wp-content/plugins/everest-forms-pro/assets/css/everest-forms-pro-frontend.css]
[salonspaw.com/wp-content/themes/salon-spa-w/plugins/owl-carousel/assets/owl.carousel.css]
[salonspaw.com/wp-content/themes/salon-spa-w/css/animate.css]
[salonspaw.com/wp-content/themes/salon-spa-w/style.css]
[salonspaw.com/wp-content/themes/salon-spa-w/images/home-bg01.jpg]
[salonspaw.com/wp-content/themes/salon-spa-w/css/salonspaw.css]
[salonspaw.com/wp-content/themes/salon-spa-w/css/schemec1b4.less]
[salonspaw.com/wp-content/themes/salon-spa-w/css/home.css]
[salonspaw.com/wp-content/themes/salon-spa-w/plugins/YTPlayer/css/jquery.mb.YTPlayer.min.css]
[salonspaw.com/wp-content/plugins/master-slider/public/assets/css/masterslider.main.css]
[salonspaw.com/wp-content/uploads/master-slider/custom.css]
[c0.wp.com/p/jetpack/8.0/css/jetpack.css]
[salonspaw.com/wp-content/plugins/media-element-html5-video-and-audio-player/mediaelement/v4/mediaelementplayer.min.css]
[salonspaw.com/wp-content/plugins/media-element-html5-video-and-audio-player/mediaelement/v4/mediaelementplayer-legacy.min.css]
[c0.wp.com/c/5.3.2/wp-includes/js/jquery/jquery.js]
[c0.wp.com/c/5.3.2/wp-includes/js/jquery/jquery-migrate.min.js]
[salonspaw.com/wp-content/plugins/magee-shortcodes/assets/bootstrap/js/bootstrap.min.js]
[salonspaw.com/wp-content/plugins/magee-shortcodes/assets/js/jquery.waypoints.js]
[salonspaw.com/wp-content/plugins/magee-shortcodes/assets/jquery-countdown/jquery.countdown.min.js]
[salonspaw.com/wp-content/plugins/magee-shortcodes/assets/jquery-easy-pie-chart/jquery.easypiechart.min.js]
[salonspaw.com/wp-content/plugins/magee-shortcodes/assets/jquery-countdown/jquery.knob.js]
[salonspaw.com/wp-content/plugins/magee-shortcodes/assets/jquery-countdown/jquery.throttle.js]
[salonspaw.com/wp-content/plugins/magee-shortcodes/assets/jquery-countdown/jquery.classycountdown.min.js]
[salonspaw.com/wp-content/plugins/magee-shortcodes/assets/js/jquery.event.move.js]
[salonspaw.com/wp-content/plugins/magee-shortcodes/assets/js/jquery.twentytwenty.js]
[salonspaw.com/wp-content/plugins/magee-shortcodes/assets/js/audioplayer.js]
[salonspaw.com/wp-content/plugins/magee-shortcodes/assets/js/chart.min.js]
[salonspaw.com/wp-content/plugins/responsive-lightbox/assets/infinitescroll/infinite-scroll.pkgd.min.js]
[salonspaw.com/wp-content/themes/salon-spa-w/plugins/jquery.nav.js]
[salonspaw.com/wp-content/themes/salon-spa-w/plugins/jquery.scrollTo.js]
[salonspaw.com/wp-content/plugins/media-element-html5-video-and-audio-player/mediaelement/v4/mediaelement-and-player.min.js]
[salonspaw.com/wp-includes/wlwmanifest.xml]
[salonspaw.com/wp-content/plugins/master-slider/public/assets/css/common/grabbing.cur]
[salonspaw.com/wp-content/plugins/master-slider/public/assets/css/common/grab.cur]
[booking-widget.phorestcdn.com/obwidget.bundle.js]
[salonspaw.com/wp-json/index.html]
[salonspaw.com/img/salon-spa-w-logo.jpg]
[salonspaw.com/experience/index.html]
[salonspaw.com/img/salon-spa-w-logo-h.png]
[salonspaw.com/services/index.html]
[salonspaw.com/team/index.html]
[salonspaw.com/img/ssw-facebook.png]
[salonspaw.com/giving/index.html]
[salonspaw.com/img/ssw-instagram.png]
[salonspaw.com/gallery/index.html]
[salonspaw.com/img/salon-spa-w-app.png]
[salonspaw.com/img/salon-spa-w-storefront-narrow.jpg]
[salonspaw.com/press/index.html]
[salonspaw.com/img/l-new-york-times.jpg]
[salonspaw.com/img/l-brides-magazine.jpg]
[salonspaw.com/img/l-elle-magazine.jpg]
[salonspaw.com/img/l-salon-today.jpg]
[salonspaw.com/img/l-naha.jpg]
[salonspaw.com/wp-content/plugins/master-slider/public/assets/css/blank.gif]
[salonspaw.com/wp-content/uploads/2017/04/blank_slide.png]
[salonspaw.com/wp-content/uploads/2019/06/responsive-lightbox-thumbnail.png]
[salonspaw.com/wp-content/uploads/2019/12/salon-spa-w-footer-logo.png]
[salonspaw.com/commercial-booking/index.html]
[c0.wp.com/p/jetpack/8.0/_inc/build/photon/photon.min.js]
[salonspaw.com/careers-model/index.html]
[salonspaw.com/careers-team/index.html]
[s0.wp.com/wp-content/js/devicepx-jetpack.js]
[salonspaw.com/wp-content/plugins/magee-shortcodes/assets/js/jquery.prettyPhoto.js]
[c0.wp.com/c/5.3.2/wp-includes/js/dist/vendor/moment.min.js]
[salonspaw.com/wp-content/plugins/magee-shortcodes/assets/js/magee-shortcodes.js]
[salonspaw.com/wp-content/plugins/magee-shortcodes/assets/js/magee-modal.js]
[salonspaw.com/wp-content/plugins/responsive-lightbox/assets/swipebox/jquery.swipebox.min.js]
[salonspaw.com/wp-content/plugins/responsive-lightbox/js/front.js]
[salonspaw.com/wp-content/plugins/everest-forms/assets/js/inputmask/jquery.inputmask.bundle.min.js]
[salonspaw.com/wp-content/plugins/everest-forms/assets/js/jquery-validate/jquery.validate.min.js]
[salonspaw.com/wp-content/plugins/everest-forms/assets/js/frontend/everest-forms.min.js]
[salonspaw.com/wp-content/plugins/everest-forms-pro/assets/js/frontend/everest-forms-pro.min.js]
[salonspaw.com/wp-content/plugins/everest-forms-pro/assets/js/frontend/conditional-logic-frontend.min.js]
[salonspaw.com/wp-content/themes/salon-spa-w/plugins/YTPlayer/jquery.mb.YTPlayer.js]
[salonspaw.com/wp-content/themes/salon-spa-w/plugins/owl-carousel/owl.carousel.js]
[salonspaw.com/wp-content/themes/salon-spa-w/plugins/jquery.parallax-1.1.3.js]
[salonspaw.com/wp-content/themes/salon-spa-w/plugins/respond.min.js]
[salonspaw.com/wp-content/themes/salon-spa-w/plugins/less.min.js]
[salonspaw.com/wp-content/themes/salon-spa-w/plugins/jquery.counterup.js]
[salonspaw.com/wp-content/themes/salon-spa-w/plugins/jquery.waypoints.js]
[salonspaw.com/wp-content/themes/salon-spa-w/js/salonspaw7.js]
[c0.wp.com/p/jetpack/8.0/_inc/build/lazy-images/js/lazy-images.min.js]
[salonspaw.com/wp-content/plugins/master-slider/public/assets/js/jquery.easing.min.js]
[salonspaw.com/wp-content/plugins/master-slider/public/assets/js/masterslider.min.js]
[c0.wp.com/c/5.3.2/wp-includes/js/wp-embed.min.js]
[salonspaw.com/index.html]
[salonspaw.com/xmlrpc.html]
[salonspaw.com/wp-content/plugins/elfsight-instagram-feed-cc/assets/elfsight-instagram-feed.js]
[c0.wp.com/c/5.3.2/wp-includes/css/dist/block-library/style.min.css]
[c0.wp.com/c/5.3.2/wp-includes/css/dashicons.min.css]
[stats.wp.com/e-202003.js]
[salonspaw.com/wp-content/plugins/everest-forms/assets/fonts/EverestForms2eb7.eot]
[salonspaw.com/wp-content/plugins/everest-forms/assets/fonts/EverestForms2eb7.ttf]
[salonspaw.com/wp-content/plugins/everest-forms/assets/fonts/EverestForms2eb7.woff]
[salonspaw.com/wp-content/plugins/everest-forms/assets/fonts/EverestForms2eb7.svg]
[salonspaw.com/wp-content/plugins/everest-forms/assets/images/icons/loader.svg]
[salonspaw.com/wp-content/plugins/everest-forms/assets/css/everest-forms.css]
[salonspaw.com/wp-content/plugins/magee-shortcodes/assets/font-awesome/fonts/fontawesome-webfont93e3.eot]
[salonspaw.com/wp-content/plugins/magee-shortcodes/assets/font-awesome/fonts/fontawesome-webfont93e3.woff2]
[salonspaw.com/wp-content/plugins/magee-shortcodes/assets/font-awesome/fonts/fontawesome-webfontd41d.eot]
[salonspaw.com/wp-content/plugins/magee-shortcodes/assets/font-awesome/fonts/fontawesome-webfont93e3.woff]
[salonspaw.com/wp-content/plugins/magee-shortcodes/assets/font-awesome/fonts/fontawesome-webfont93e3.ttf]
[salonspaw.com/wp-content/plugins/magee-shortcodes/assets/font-awesome/css/font-awesome.css]
[salonspaw.com/wp-content/plugins/magee-shortcodes/assets/bootstrap/fonts/glyphicons-halflings-regular.eot]
[salonspaw.com/wp-content/plugins/magee-shortcodes/assets/font-awesome/fonts/fontawesome-webfont93e3.svg]
[salonspaw.com/wp-content/plugins/magee-shortcodes/assets/bootstrap/fonts/glyphicons-halflings-regulard41d.eot]
[salonspaw.com/wp-content/plugins/magee-shortcodes/assets/bootstrap/fonts/glyphicons-halflings-regular.woff2]
[salonspaw.com/wp-content/plugins/magee-shortcodes/assets/bootstrap/fonts/glyphicons-halflings-regular.woff]
[salonspaw.com/wp-content/plugins/magee-shortcodes/assets/bootstrap/fonts/glyphicons-halflings-regular.ttf]
[salonspaw.com/wp-content/plugins/magee-shortcodes/assets/bootstrap/css/bootstrap.min.css]
[salonspaw.com/wp-content/plugins/magee-shortcodes/assets/bootstrap/fonts/glyphicons-halflings-regular.svg]
[salonspaw.com/wp-content/plugins/magee-shortcodes/assets/images/prettyPhoto/default/sprite.png]
[salonspaw.com/wp-content/plugins/magee-shortcodes/assets/images/prettyPhoto/default/sprite_x.png]
[salonspaw.com/wp-content/plugins/magee-shortcodes/assets/images/prettyPhoto/default/sprite_y.png]
[salonspaw.com/wp-content/plugins/magee-shortcodes/assets/images/prettyPhoto/default/sprite_next.png]
[salonspaw.com/wp-content/plugins/magee-shortcodes/assets/images/prettyPhoto/default/sprite_prev.png]
[salonspaw.com/wp-content/plugins/magee-shortcodes/assets/images/prettyPhoto/default/default_thumb.png]
[salonspaw.com/wp-content/plugins/magee-shortcodes/assets/images/prettyPhoto/default/loader.gif]
[salonspaw.com/wp-content/plugins/magee-shortcodes/assets/images/prettyPhoto/light_rounded/sprite.png]
[salonspaw.com/wp-content/plugins/magee-shortcodes/assets/images/prettyPhoto/light_rounded/btnNext.png]
[salonspaw.com/wp-content/plugins/magee-shortcodes/assets/images/prettyPhoto/light_rounded/btnPrevious.png]
[salonspaw.com/wp-content/plugins/magee-shortcodes/assets/images/prettyPhoto/light_rounded/loader.gif]
[salonspaw.com/wp-content/plugins/magee-shortcodes/assets/images/prettyPhoto/dark_rounded/sprite.png]
[salonspaw.com/wp-content/plugins/magee-shortcodes/assets/images/prettyPhoto/dark_rounded/contentPattern.png]
[salonspaw.com/wp-content/plugins/magee-shortcodes/assets/images/prettyPhoto/dark_rounded/btnNext.png]
[salonspaw.com/wp-content/plugins/magee-shortcodes/assets/images/prettyPhoto/dark_rounded/btnPrevious.png]
[salonspaw.com/wp-content/plugins/magee-shortcodes/assets/images/prettyPhoto/dark_rounded/loader.gif]
[salonspaw.com/wp-content/plugins/magee-shortcodes/assets/images/prettyPhoto/dark_square/loader.gif]
[salonspaw.com/wp-content/plugins/magee-shortcodes/assets/images/prettyPhoto/dark_square/sprite.png]
[salonspaw.com/wp-content/plugins/magee-shortcodes/assets/images/prettyPhoto/dark_square/btnNext.png]
[salonspaw.com/wp-content/plugins/magee-shortcodes/assets/images/prettyPhoto/dark_square/btnPrevious.png]
[salonspaw.com/wp-content/plugins/magee-shortcodes/assets/images/prettyPhoto/light_square/sprite.png]
[salonspaw.com/wp-content/plugins/magee-shortcodes/assets/images/prettyPhoto/light_square/btnNext.png]
[salonspaw.com/wp-content/plugins/magee-shortcodes/assets/images/prettyPhoto/light_square/btnPrevious.png]
[salonspaw.com/wp-content/plugins/magee-shortcodes/assets/images/prettyPhoto/facebook/sprite.png]
[salonspaw.com/wp-content/plugins/magee-shortcodes/assets/images/prettyPhoto/facebook/contentPatternTop.png]
[salonspaw.com/wp-content/plugins/magee-shortcodes/assets/images/prettyPhoto/facebook/contentPatternLeft.png]
[salonspaw.com/wp-content/plugins/magee-shortcodes/assets/images/prettyPhoto/facebook/contentPatternRight.png]
[salonspaw.com/wp-content/plugins/magee-shortcodes/assets/images/prettyPhoto/facebook/loader.gif]
[salonspaw.com/wp-content/plugins/magee-shortcodes/assets/images/prettyPhoto/facebook/btnNext.png]
[salonspaw.com/wp-content/plugins/magee-shortcodes/assets/images/prettyPhoto/facebook/btnPrevious.png]
[salonspaw.com/wp-content/plugins/magee-shortcodes/assets/images/prettyPhoto/facebook/contentPatternBottom.png]
[salonspaw.com/wp-content/plugins/magee-shortcodes/assets/images/prettyPhoto/facebook/default_thumbnail.gif]
[salonspaw.com/wp-content/plugins/magee-shortcodes/assets/css/prettyPhoto.css]
[salonspaw.com/wp-content/plugins/magee-shortcodes/assets/jquery-countdown/jquery.classycountdown.css]
[salonspaw.com/wp-content/plugins/magee-shortcodes/assets/css/twentytwenty.css]
[salonspaw.com/wp-content/plugins/magee-shortcodes/assets/css/audioplayer.css]
[salonspaw.com/wp-content/plugins/magee-shortcodes/assets/weathericons/font/weathericons-regular-webfont.eot]
[salonspaw.com/wp-content/plugins/magee-shortcodes/assets/weathericons/font/weathericons-regular-webfontd41d.eot]
[salonspaw.com/wp-content/plugins/magee-shortcodes/assets/weathericons/font/weathericons-regular-webfont.woff2]
[salonspaw.com/wp-content/plugins/magee-shortcodes/assets/weathericons/font/weathericons-regular-webfont.woff]
[salonspaw.com/wp-content/plugins/magee-shortcodes/assets/weathericons/font/weathericons-regular-webfont.ttf]
[salonspaw.com/wp-content/plugins/magee-shortcodes/assets/weathericons/css/weather-icons.min.css]
[salonspaw.com/wp-content/plugins/magee-shortcodes/assets/css/animate.css]
[salonspaw.com/wp-content/plugins/magee-shortcodes/assets/weathericons/font/weathericons-regular-webfont.svg]
[salonspaw.com/wp-content/plugins/magee-shortcodes/assets/images/divider-2.png]
[salonspaw.com/wp-content/plugins/magee-shortcodes/assets/css/shortcode.css]
[salonspaw.com/wp-content/plugins/responsive-lightbox/assets/swipebox/img/loader.gif]
[salonspaw.com/wp-content/plugins/responsive-lightbox/assets/swipebox/img/icons.png]
[salonspaw.com/wp-content/plugins/responsive-lightbox/assets/swipebox/swipebox.min.css]
[salonspaw.com/wp-content/plugins/everest-forms-pro/assets/css/everest-forms-pro-frontend.css]
[salonspaw.com/wp-content/themes/salon-spa-w/plugins/owl-carousel/assets/owl.video.play.png]
[salonspaw.com/wp-content/themes/salon-spa-w/plugins/owl-carousel/assets/owl.carousel.css]
[salonspaw.com/wp-content/themes/salon-spa-w/css/animate.css]
[salonspaw.com/wp-content/themes/salon-spa-w/fonts/HelveticaNeue-Condensed.woff2]
[salonspaw.com/wp-content/themes/salon-spa-w/fonts/HelveticaNeue-Condensed.woff]
[salonspaw.com/wp-content/themes/salon-spa-w/fonts/helveticaneue_light-webfont.svg]
[salonspaw.com/wp-content/themes/salon-spa-w/fonts/helveticaneue_light-webfont.eot]
[salonspaw.com/wp-content/themes/salon-spa-w/fonts/helveticaneue_light-webfont.woff]
[salonspaw.com/wp-content/themes/salon-spa-w/fonts/helveticaneue-ultralight-webfont.svg]
[salonspaw.com/wp-content/themes/salon-spa-w/fonts/helveticaneue-ultralight-webfont.eot]
[salonspaw.com/wp-content/themes/salon-spa-w/fonts/helveticaneue-ultralight-webfont.woff]
[salonspaw.com/wp-content/themes/salon-spa-w/fonts/TradeGothicLTStd.woff2]
[salonspaw.com/wp-content/themes/salon-spa-w/fonts/TradeGothicLTStd.woff]
[salonspaw.com/wp-content/themes/salon-spa-w/images/wave-wall-bg.jpg]
[salonspaw.com/wp-content/themes/salon-spa-w/images/search.png]
[salonspaw.com/wp-content/themes/salon-spa-w/style.css]
[salonspaw.com/wp-content/themes/salon-spa-w/images/home-bg01.html]
[salonspaw.com/wp-content/themes/salon-spa-w/css/salonspaw.css]
[salonspaw.com/wp-content/themes/salon-spa-w/css/salonspaw-ms.css]
[salonspaw.com/wp-content/themes/salon-spa-w/css/home.css]
[salonspaw.com/wp-content/themes/salon-spa-w/plugins/YTPlayer/css/font/ytp-regular.eot]
[salonspaw.com/wp-content/themes/salon-spa-w/plugins/YTPlayer/css/jquery.mb.YTPlayer.min.css]
[salonspaw.com/wp-content/plugins/master-slider/public/assets/css/common/loading-2.gif]
[salonspaw.com/wp-content/plugins/master-slider/public/assets/css/common/grab.png]
[salonspaw.com/wp-content/plugins/master-slider/public/assets/css/common/grabbing.png]
[salonspaw.com/wp-content/plugins/master-slider/public/assets/css/common/video-close-btn.png]
[salonspaw.com/wp-content/plugins/master-slider/public/assets/css/skins/light-skin-1.png]
[salonspaw.com/wp-content/plugins/master-slider/public/assets/css/skins/light-skin-1-retina.png]
[salonspaw.com/wp-content/plugins/master-slider/public/assets/css/skins/black-skin-1.png]
[salonspaw.com/wp-content/plugins/master-slider/public/assets/css/skins/black-skin-1-retina.png]
[salonspaw.com/wp-content/plugins/master-slider/public/assets/css/skins/minimal.svg]
[salonspaw.com/wp-content/plugins/master-slider/public/assets/css/skins/black-skin-2.png]
[salonspaw.com/wp-content/plugins/master-slider/public/assets/css/skins/black-skin-2-retina.png]
[salonspaw.com/wp-content/plugins/master-slider/public/assets/css/skins/light-skin-2.png]
[salonspaw.com/wp-content/plugins/master-slider/public/assets/css/skins/light-skin-2-retina.png]
[salonspaw.com/wp-content/plugins/master-slider/public/assets/css/skins/light-skin-3.png]
[salonspaw.com/wp-content/plugins/master-slider/public/assets/css/skins/light-skin-3-retina.png]
[salonspaw.com/wp-content/plugins/master-slider/public/assets/css/skins/light-skin-4.png]
[salonspaw.com/wp-content/plugins/master-slider/public/assets/css/skins/light-skin-4-retina.png]
[salonspaw.com/wp-content/plugins/master-slider/public/assets/css/skins/light-skin-5.png]
[salonspaw.com/wp-content/plugins/master-slider/public/assets/css/skins/light-skin-5-retina.png]
[salonspaw.com/wp-content/plugins/master-slider/public/assets/css/skins/light-skin-6.png]
[salonspaw.com/wp-content/plugins/master-slider/public/assets/css/skins/light-skin-6-retina.png]
[salonspaw.com/wp-content/plugins/master-slider/public/assets/css/skins/metro-skin.png]
[salonspaw.com/wp-content/plugins/master-slider/public/assets/css/skins/metro-skin-retina.png]
[salonspaw.com/wp-content/plugins/master-slider/public/assets/css/skins/contrast-skin.png]
[salonspaw.com/wp-content/plugins/master-slider/public/assets/css/skins/contrast-skin-retina.png]
[salonspaw.com/wp-content/plugins/master-slider/public/assets/css/masterslider.main.css]
[salonspaw.com/wp-content/uploads/master-slider/custom.css]
[c0.wp.com/p/jetpack/8.0/modules/carousel/images/arrows.png]
[c0.wp.com/p/jetpack/8.0/modules/carousel/images/arrows-2x.png]
[c0.wp.com/p/jetpack/8.0/modules/carousel/images/carousel-spritee4da.png]
[c0.wp.com/p/jetpack/8.0/modules/carousel/images/carousel-sprite-2xe4da.png]
[c0.wp.com/p/jetpack/8.0/modules/shortcodes/img/slideshow-controls.png]
[c0.wp.com/p/jetpack/8.0/modules/shortcodes/img/slideshow-controls-2x.png]
[c0.wp.com/p/jetpack/8.0/modules/shortcodes/images/slide-nav.png]
[c0.wp.com/p/jetpack/8.0/modules/shortcodes/images/expand.png]
[c0.wp.com/p/jetpack/8.0/modules/shortcodes/images/collapse.png]
[secure.gravatar.com/images/grav-share-sprite.png]
[c0.wp.com/p/jetpack/8.0/css/jetpack.css]
[salonspaw.com/wp-content/plugins/media-element-html5-video-and-audio-player/mediaelement/v4/mejs-controls.svg]
[salonspaw.com/wp-content/plugins/media-element-html5-video-and-audio-player/mediaelement/v4/mediaelementplayer.min.css]
[salonspaw.com/wp-content/plugins/media-element-html5-video-and-audio-player/mediaelement/v4/mediaelementplayer-legacy.min.css]
[salonspaw.com/xmlrpc0db0.html]
[salonspaw.com/wp-json/oembed/1.0/embedc578.json]
[salonspaw.com/wp-json/oembed/1.0/embed381b]
[salonspaw.com/wp-content/uploads/2019/06/salon-spa-w-experience-9.jpg]
[salonspaw.com/wp-content/uploads/2019/06/salon-spa-w-experience-8.jpg]
[salonspaw.com/wp-content/uploads/2019/06/salon-spa-w-experience-3.jpg]
[salonspaw.com/video/champagne.mp4]
[salonspaw.com/wp-content/uploads/2019/06/salon-spa-w-experience-1.jpg]
[salonspaw.com/experience/index.html]
[salonspaw.com/wp-json/oembed/1.0/embed5691.json]
[salonspaw.com/wp-json/oembed/1.0/embed7d8e]
[i1.wp.com/salonspaw.com/wp-content/uploads/2019/06/salon-spa-w-services-banner-bwf462.jpg]
[salonspaw.com/services/index.html]
[salonspaw.com/wp-json/oembed/1.0/embedfbf2.json]
[salonspaw.com/wp-json/oembed/1.0/embed5144]
[salonspaw.com/wp-content/themes/salon-spa-w/js/teamnav.js]
[salonspaw.com/img/drop-arrow.png]
[salonspaw.com/img/x.png]
[salonspaw.com/team/china-wong/index.html]
[salonspaw.com/team/katie-jo/index.html]
[i2.wp.com/salonspaw.com/wp-content/uploads/2019/06/katie-jo-salon-spa-w3866.jpg]
[salonspaw.com/team/corbin/index.html]
[i1.wp.com/salonspaw.com/wp-content/uploads/2019/06/corbin-salon-spa-w3866.jpg]
[salonspaw.com/team/mollie/index.html]
[i0.wp.com/salonspaw.com/wp-content/uploads/2019/06/mollie-salon-spa-w3866.jpg]
[i0.wp.com/salonspaw.com/wp-content/uploads/2019/06/elle-salon-spa-w3866.jpg]
[salonspaw.com/team/elle/index.html]
[i0.wp.com/salonspaw.com/wp-content/uploads/2019/06/lauren-salon-spa-w3866.jpg]
[salonspaw.com/team/lauren/index.html]
[i0.wp.com/salonspaw.com/wp-content/uploads/2019/06/madi-salon-spa-wd0d5.jpg]
[salonspaw.com/team/madi/index.html]
[i1.wp.com/salonspaw.com/wp-content/uploads/2019/06/mc-salon-spa-w3866.jpg]
[salonspaw.com/team/mc/index.html]
[salonspaw.com/team/kaylynn/index.html]
[i0.wp.com/salonspaw.com/wp-content/uploads/2019/06/kaylynn-salon-spa-w3866.jpg]
[i1.wp.com/salonspaw.com/wp-content/uploads/2019/06/jamie-salon-spa-w3866.jpg]
[salonspaw.com/team/jamie/index.html]
[salonspaw.com/team/blakelee/index.html]
[i1.wp.com/salonspaw.com/wp-content/uploads/2019/06/blakelee-salon-spa-w3866.jpg]
[i0.wp.com/salonspaw.com/wp-content/uploads/2019/06/carin-salon-spa-w3866.jpg]
[salonspaw.com/team/carin/index.html]
[i1.wp.com/salonspaw.com/wp-content/uploads/2019/06/Copy-of-Copy-of-Bri-scalede9e2.jpg]
[salonspaw.com/team/bri/index.html]
[salonspaw.com/team/ruby/index.html]
[i0.wp.com/salonspaw.com/wp-content/uploads/2019/06/Copy-of-Ruby-3.19e9e2.jpg]
[i1.wp.com/salonspaw.com/wp-content/uploads/2019/06/amber-salon-spa-w3866.jpg]
[salonspaw.com/team/amber/index.html]
[i0.wp.com/salonspaw.com/wp-content/uploads/2019/06/emily-salon-spa-wd0d5.jpg]
[salonspaw.com/team/emily/index.html]
[i0.wp.com/salonspaw.com/wp-content/uploads/2019/06/avalon-salon-spa-w3866.jpg]
[salonspaw.com/team/avalon/index.html]
[i1.wp.com/salonspaw.com/wp-content/uploads/2019/12/Copy-of-Makaylah-scalede9e2.jpg]
[salonspaw.com/team/makaylah/index.html]
[i2.wp.com/salonspaw.com/wp-content/uploads/2019/12/Copy-of-Morgan-scalede9e2.jpg]
[salonspaw.com/team/morgan/index.html]
[salonspaw.com/team/sarah/index.html]
[i1.wp.com/salonspaw.com/wp-content/uploads/2019/06/SarahFeltBW-13866.jpg]
[salonspaw.com/team/rian/index.html]
[i2.wp.com/salonspaw.com/wp-content/uploads/2019/06/rian-salon-spa-w3866.jpg]
[salonspaw.com/team/mia/index.html]
[i1.wp.com/salonspaw.com/wp-content/uploads/2019/06/Mia-Websitee0dc.jpg]
[salonspaw.com/team/kamille/index.html]
[i0.wp.com/salonspaw.com/wp-content/uploads/2019/06/Kamille-webready-13866.jpg]
[salonspaw.com/team/karli/index.html]
[i1.wp.com/salonspaw.com/wp-content/uploads/2019/12/Copy-of-Karli-scalede9e2.jpg]
[salonspaw.com/team/zoey/index.html]
[i1.wp.com/salonspaw.com/wp-content/uploads/2019/06/Copy-of-Zoey-3.19e9e2.jpg]
[salonspaw.com/team/lavinia/index.html]
[i1.wp.com/salonspaw.com/wp-content/uploads/2019/06/Lavinia-1d0d5.jpg]
[i2.wp.com/salonspaw.com/wp-content/uploads/2019/06/DSC_8822-Edit3866.jpg]
[salonspaw.com/team/jenna/index.html]
[salonspaw.com/team/joey/index.html]
[i0.wp.com/salonspaw.com/wp-content/uploads/2019/06/Joeyd0d5.jpg]
[salonspaw.com/team/index.html]
[salonspaw.com/wp-json/oembed/1.0/embeda61e.json]
[salonspaw.com/wp-json/oembed/1.0/embed5dad]
[i0.wp.com/salonspaw.com/wp-content/uploads/2019/06/Homelessness-14cff.jpg]
[i0.wp.com/salonspaw.com/wp-content/uploads/2019/06/ZooDoo4cff.jpg]
[i1.wp.com/salonspaw.com/wp-content/uploads/2019/06/MicroloanSq4cff.jpg]
[i1.wp.com/salonspaw.com/wp-content/uploads/2019/06/Artssq4cff.jpg]
[i2.wp.com/salonspaw.com/wp-content/uploads/2019/06/WomenSq4cff.jpg]
[i1.wp.com/salonspaw.com/wp-content/uploads/2019/06/Watersq4cff.jpg]
[salonspaw.com/giving/index.html]
[salonspaw.com/wp-json/oembed/1.0/embedeebc.json]
[salonspaw.com/wp-json/oembed/1.0/embedf687]
[i0.wp.com/salonspaw.com/wp-content/uploads/2019/06/Copy-of-w2019-05-13_0808-36a9b.jpg]
[i0.wp.com/salonspaw.com/wp-content/uploads/2019/06/Copy-of-w2019-05-13_0808-3ec36.jpg]
[i0.wp.com/salonspaw.com/wp-content/uploads/2019/06/Copy-of-w2019-05-13_0818-36a9b.jpg]
[i0.wp.com/salonspaw.com/wp-content/uploads/2019/06/Copy-of-w2019-05-13_0818-3ec36.jpg]
[i1.wp.com/salonspaw.com/wp-content/uploads/2019/06/Spring_2015_SalonSpaW_Website-02-4c4e3.jpg]
[i1.wp.com/salonspaw.com/wp-content/uploads/2019/06/Spring_2015_SalonSpaW_Website-02-4b033.jpg]
[i0.wp.com/salonspaw.com/wp-content/uploads/2019/06/Spring_2015_SalonSpaW_Website-03-3c4e3.jpg]
[i0.wp.com/salonspaw.com/wp-content/uploads/2019/06/Spring_2015_SalonSpaW_Website-03-3b033.jpg]
[i1.wp.com/salonspaw.com/wp-content/uploads/2019/06/Copy-of-w2019-05-13_0819-32e39.jpg]
[i1.wp.com/salonspaw.com/wp-content/uploads/2019/06/Copy-of-w2019-05-13_0819-3ec36.jpg]
[i0.wp.com/salonspaw.com/wp-content/uploads/2019/06/Copy-of-w2019-05-13_0814-26a9b.jpg]
[i0.wp.com/salonspaw.com/wp-content/uploads/2019/06/Copy-of-w2019-05-13_0814-2ec36.jpg]
[i2.wp.com/salonspaw.com/wp-content/uploads/2019/06/Spring_2015_SalonSpaW_Website-01-4c4e3.jpg]
[i2.wp.com/salonspaw.com/wp-content/uploads/2019/06/Spring_2015_SalonSpaW_Website-01-4b033.jpg]
[i2.wp.com/salonspaw.com/wp-content/uploads/2019/06/final_31-684x1024-44099.jpg]
[i2.wp.com/salonspaw.com/wp-content/uploads/2019/06/final_31-684x1024-4ec36.jpg]
[i1.wp.com/salonspaw.com/wp-content/uploads/2019/06/Copy-of-w2019-05-13_0815-32e39.jpg]
[i1.wp.com/salonspaw.com/wp-content/uploads/2019/06/Copy-of-w2019-05-13_0815-3ec36.jpg]
[i2.wp.com/salonspaw.com/wp-content/uploads/2019/06/Copy-of-w2019-05-13_0812-22e39.jpg]
[i2.wp.com/salonspaw.com/wp-content/uploads/2019/06/Copy-of-w2019-05-13_0812-2a5fc.jpg]
[i2.wp.com/salonspaw.com/wp-content/uploads/2019/06/BW-1-Fall-684x1024-44099.jpg]
[i2.wp.com/salonspaw.com/wp-content/uploads/2019/06/BW-1-Fall-684x1024-4ec36.jpg]
[i2.wp.com/salonspaw.com/wp-content/uploads/2019/06/Copy-of-w2019-05-13_0810-22e39.jpg]
[i2.wp.com/salonspaw.com/wp-content/uploads/2019/06/Copy-of-w2019-05-13_0810-2ec36.jpg]
[i1.wp.com/salonspaw.com/wp-content/uploads/2019/06/Copy-of-w2019-05-13_0813-36a9b.jpg]
[i1.wp.com/salonspaw.com/wp-content/uploads/2019/06/Copy-of-w2019-05-13_0813-3ec36.jpg]
[i1.wp.com/salonspaw.com/wp-content/uploads/2019/06/final_21-684x1024-44099.jpg]
[i1.wp.com/salonspaw.com/wp-content/uploads/2019/06/final_21-684x1024-4ec36.jpg]
[i0.wp.com/salonspaw.com/wp-content/uploads/2019/06/final_11-684x1024-34099.jpg]
[i0.wp.com/salonspaw.com/wp-content/uploads/2019/06/final_11-684x1024-3ec36.jpg]
[i0.wp.com/salonspaw.com/wp-content/uploads/2019/06/Color-Fall-684x1024-34099.jpg]
[i0.wp.com/salonspaw.com/wp-content/uploads/2019/06/Color-Fall-684x1024-3ec36.jpg]
[i0.wp.com/salonspaw.com/wp-content/uploads/2019/06/DSC_1588-Edit-684x1024-44099.jpg]
[i0.wp.com/salonspaw.com/wp-content/uploads/2019/06/DSC_1588-Edit-684x1024-4ec36.jpg]
[i2.wp.com/salonspaw.com/wp-content/uploads/2019/06/color-fall-3-684x1024-34099.jpg]
[i2.wp.com/salonspaw.com/wp-content/uploads/2019/06/color-fall-3-684x1024-3ec36.jpg]
[i1.wp.com/salonspaw.com/wp-content/uploads/2019/06/DSC_1454-Edit-684x1024-34099.jpg]
[i1.wp.com/salonspaw.com/wp-content/uploads/2019/06/DSC_1454-Edit-684x1024-3ec36.jpg]
[i0.wp.com/salonspaw.com/wp-content/uploads/2019/06/DSC_1851-Edit-684x1024-44099.jpg]
[i0.wp.com/salonspaw.com/wp-content/uploads/2019/06/DSC_1851-Edit-684x1024-4ec36.jpg]
[i1.wp.com/salonspaw.com/wp-content/uploads/2019/06/Color-Fall-2-684x10244099.jpg]
[i1.wp.com/salonspaw.com/wp-content/uploads/2019/06/Color-Fall-2-684x1024ec36.jpg]
[i0.wp.com/salonspaw.com/wp-content/uploads/2019/06/final_2-684x1024-34099.jpg]
[i0.wp.com/salonspaw.com/wp-content/uploads/2019/06/final_2-684x1024-3ec36.jpg]
[i0.wp.com/salonspaw.com/wp-content/uploads/2019/06/final_1-684x1024-34099.jpg]
[i0.wp.com/salonspaw.com/wp-content/uploads/2019/06/final_1-684x1024-3ec36.jpg]
[i0.wp.com/salonspaw.com/wp-content/uploads/2019/06/final_3-684x1024-34099.jpg]
[i0.wp.com/salonspaw.com/wp-content/uploads/2019/06/final_3-684x1024-3ec36.jpg]
[i1.wp.com/salonspaw.com/wp-content/uploads/2019/06/KJ-3-683x1024-3e9e2.jpg]
[i1.wp.com/salonspaw.com/wp-content/uploads/2019/06/KJ-3-683x1024-3ec36.jpg]
[i1.wp.com/salonspaw.com/wp-content/uploads/2019/06/KJ-2-683x1024-3e9e2.jpg]
[i1.wp.com/salonspaw.com/wp-content/uploads/2019/06/KJ-2-683x1024-3ec36.jpg]
[i1.wp.com/salonspaw.com/wp-content/uploads/2019/06/Katie-Jo-NAHA-683x1024-3e9e2.jpg]
[i1.wp.com/salonspaw.com/wp-content/uploads/2019/06/Katie-Jo-NAHA-683x1024-3ec36.jpg]
[i2.wp.com/salonspaw.com/wp-content/uploads/2019/06/Sarah-1-684x1024-34099.jpg]
[i2.wp.com/salonspaw.com/wp-content/uploads/2019/06/Sarah-1-684x1024-3ec36.jpg]
[i0.wp.com/salonspaw.com/wp-content/uploads/2019/06/Sarah-2-684x1024-34099.jpg]
[i0.wp.com/salonspaw.com/wp-content/uploads/2019/06/Sarah-2-684x1024-3ec36.jpg]
[i0.wp.com/salonspaw.com/wp-content/uploads/2019/06/Sarah-3-684x1024-34099.jpg]
[i0.wp.com/salonspaw.com/wp-content/uploads/2019/06/Sarah-3-684x1024-3ec36.jpg]
[i1.wp.com/salonspaw.com/wp-content/uploads/2019/06/web1-3dce1.jpg]
[i1.wp.com/salonspaw.com/wp-content/uploads/2019/06/web1-3ec36.jpg]
[i0.wp.com/salonspaw.com/wp-content/uploads/2019/06/Spring_2015_SalonSpaW_fb5-811x1024-35676.jpg]
[i0.wp.com/salonspaw.com/wp-content/uploads/2019/06/Spring_2015_SalonSpaW_fb5-811x1024-3ec36.jpg]
[i1.wp.com/salonspaw.com/wp-content/uploads/2019/06/web2-3dce1.jpg]
[i1.wp.com/salonspaw.com/wp-content/uploads/2019/06/web2-3ec36.jpg]
[i0.wp.com/salonspaw.com/wp-content/uploads/2019/06/Fall2015Collection-04-750x1024-43e6e.jpg]
[i0.wp.com/salonspaw.com/wp-content/uploads/2019/06/Fall2015Collection-04-750x1024-4ec36.jpg]
[i0.wp.com/salonspaw.com/wp-content/uploads/2019/06/Fall2015Collection-05-750x1024-33e6e.jpg]
[i0.wp.com/salonspaw.com/wp-content/uploads/2019/06/Fall2015Collection-05-750x1024-3ec36.jpg]
[i2.wp.com/salonspaw.com/wp-content/uploads/2019/06/Fall2015Collection-01-750x1024-33e6e.jpg]
[i2.wp.com/salonspaw.com/wp-content/uploads/2019/06/Fall2015Collection-01-750x1024-3ec36.jpg]
[i0.wp.com/salonspaw.com/wp-content/uploads/2019/06/final-3-684x1024-44099.jpg]
[i0.wp.com/salonspaw.com/wp-content/uploads/2019/06/final-3-684x1024-4ec36.jpg]
[i1.wp.com/salonspaw.com/wp-content/uploads/2019/06/final-4-684x1024-44099.jpg]
[i1.wp.com/salonspaw.com/wp-content/uploads/2019/06/final-4-684x1024-4ec36.jpg]
[i0.wp.com/salonspaw.com/wp-content/uploads/2019/06/final-1-683x1024-3e9e2.jpg]
[i0.wp.com/salonspaw.com/wp-content/uploads/2019/06/final-1-683x1024-3ec36.jpg]
[i1.wp.com/salonspaw.com/wp-content/uploads/2019/06/DSC_2982-Edit-23-1024x683-1a9a3.jpg]
[i1.wp.com/salonspaw.com/wp-content/uploads/2019/06/DSC_2982-Edit-23-1024x683-1a5fc.jpg]
[i0.wp.com/salonspaw.com/wp-content/uploads/2019/06/DSC_2907-Edit-683x1024-1e9e2.jpg]
[i0.wp.com/salonspaw.com/wp-content/uploads/2019/06/DSC_2907-Edit-683x1024-1a5fc.jpg]
[i0.wp.com/salonspaw.com/wp-content/uploads/2019/06/DSC_32383-1024x683-3a9a3.jpg]
[i0.wp.com/salonspaw.com/wp-content/uploads/2019/06/DSC_32383-1024x683-3739e.jpg]
[i1.wp.com/salonspaw.com/wp-content/uploads/2019/06/Q48A4420-Edit-682x1024-1a88d.jpg]
[i1.wp.com/salonspaw.com/wp-content/uploads/2019/06/Q48A4420-Edit-682x1024-1a5fc.jpg]
[i1.wp.com/salonspaw.com/wp-content/uploads/2019/06/D60_3855-Edit_bluesky-683x1024-1e9e2.jpg]
[i1.wp.com/salonspaw.com/wp-content/uploads/2019/06/D60_3855-Edit_bluesky-683x1024-1a5fc.jpg]
[i0.wp.com/salonspaw.com/wp-content/uploads/2019/06/IMG_6928-Edit-1024x682-1e6cf.jpg]
[i0.wp.com/salonspaw.com/wp-content/uploads/2019/06/IMG_6928-Edit-1024x682-1a5fc.jpg]
[i1.wp.com/salonspaw.com/wp-content/uploads/2019/06/DSC_9503-Edit-683x1024-1e9e2.jpg]
[i1.wp.com/salonspaw.com/wp-content/uploads/2019/06/DSC_9503-Edit-683x1024-1a5fc.jpg]
[i0.wp.com/salonspaw.com/wp-content/uploads/2019/06/D60_4989-Edit-683x1024-1e9e2.jpg]
[i0.wp.com/salonspaw.com/wp-content/uploads/2019/06/D60_4989-Edit-683x1024-1a5fc.jpg]
[i0.wp.com/salonspaw.com/wp-content/uploads/2019/06/0876-1024x901-28f82.jpg]
[i0.wp.com/salonspaw.com/wp-content/uploads/2019/06/0876-1024x901-2a5fc.jpg]
[i0.wp.com/salonspaw.com/wp-content/uploads/2019/06/TJ-W-0299-1024x683-1a9a3.jpg]
[i0.wp.com/salonspaw.com/wp-content/uploads/2019/06/TJ-W-0299-1024x683-1a5fc.jpg]
[i2.wp.com/salonspaw.com/wp-content/uploads/2019/06/Q48A4688-Edit-1024x682-1e6cf.jpg]
[i2.wp.com/salonspaw.com/wp-content/uploads/2019/06/Q48A4688-Edit-1024x682-1a5fc.jpg]
[i1.wp.com/salonspaw.com/wp-content/uploads/2019/06/DSS0376-712x1024-1ff17.jpg]
[i1.wp.com/salonspaw.com/wp-content/uploads/2019/06/DSS0376-712x1024-1a5fc.jpg]
[i0.wp.com/salonspaw.com/wp-content/uploads/2019/06/338-682x1024-1a88d.jpg]
[i0.wp.com/salonspaw.com/wp-content/uploads/2019/06/338-682x1024-1a5fc.jpg]
[i0.wp.com/salonspaw.com/wp-content/uploads/2019/06/the-Wedding-0450-683x1024-1e9e2.jpg]
[i0.wp.com/salonspaw.com/wp-content/uploads/2019/06/the-Wedding-0450-683x1024-1a5fc.jpg]
[i0.wp.com/salonspaw.com/wp-content/uploads/2019/06/Q48A4512-Edit-682x1024-1a88d.jpg]
[i0.wp.com/salonspaw.com/wp-content/uploads/2019/06/Q48A4512-Edit-682x1024-1a5fc.jpg]
[i1.wp.com/salonspaw.com/wp-content/uploads/2019/06/IMG_6718-Edit-682x1024-1a88d.jpg]
[i1.wp.com/salonspaw.com/wp-content/uploads/2019/06/IMG_6718-Edit-682x1024-1a5fc.jpg]
[i1.wp.com/salonspaw.com/wp-content/uploads/2019/06/DSC_8202-Edit-683x1024-1e9e2.jpg]
[i1.wp.com/salonspaw.com/wp-content/uploads/2019/06/DSC_8202-Edit-683x1024-1a5fc.jpg]
[i2.wp.com/salonspaw.com/wp-content/uploads/2019/06/DSC_7780-Edit-2-683x1024-1e9e2.jpg]
[i2.wp.com/salonspaw.com/wp-content/uploads/2019/06/DSC_7780-Edit-2-683x1024-1a5fc.jpg]
[i1.wp.com/salonspaw.com/wp-content/uploads/2019/06/249-1024x682-1e6cf.jpg]
[i1.wp.com/salonspaw.com/wp-content/uploads/2019/06/249-1024x682-1a5fc.jpg]
[i0.wp.com/salonspaw.com/wp-content/uploads/2019/06/139-1024x682-1e6cf.jpg]
[i0.wp.com/salonspaw.com/wp-content/uploads/2019/06/139-1024x682-1a5fc.jpg]
[i0.wp.com/salonspaw.com/wp-content/uploads/2019/06/IMG_0148-683x1024-1e9e2.jpg]
[i0.wp.com/salonspaw.com/wp-content/uploads/2019/06/IMG_0148-683x1024-1a5fc.jpg]
[i1.wp.com/salonspaw.com/wp-content/uploads/2019/06/DSC_9052-Edit-683x1024-1e9e2.jpg]
[i1.wp.com/salonspaw.com/wp-content/uploads/2019/06/DSC_9052-Edit-683x1024-1a5fc.jpg]
[i1.wp.com/salonspaw.com/wp-content/uploads/2019/06/1443-754x1024-1cefc.jpg]
[i1.wp.com/salonspaw.com/wp-content/uploads/2019/06/1443-754x1024-1a5fc.jpg]
[i1.wp.com/salonspaw.com/wp-content/uploads/2019/06/wedding-pro-030-684x1024-14099.jpg]
[i1.wp.com/salonspaw.com/wp-content/uploads/2019/06/wedding-pro-030-684x1024-1a5fc.jpg]
[i1.wp.com/salonspaw.com/wp-content/uploads/2019/06/schaffers_DSC_8552-Edit-Edit-683x10241-1c4e3.jpg]
[i1.wp.com/salonspaw.com/wp-content/uploads/2019/06/schaffers_DSC_8552-Edit-Edit-683x10241-1dcb9.jpg]
[i0.wp.com/salonspaw.com/wp-content/uploads/2019/06/DSC_9363-Edit-683x1024-1e9e2.jpg]
[i0.wp.com/salonspaw.com/wp-content/uploads/2019/06/DSC_9363-Edit-683x1024-1a5fc.jpg]
[i1.wp.com/salonspaw.com/wp-content/uploads/2019/06/486-1b6ad.jpg]
[i1.wp.com/salonspaw.com/wp-content/uploads/2019/06/486-119dd.jpg]
[i0.wp.com/salonspaw.com/wp-content/uploads/2019/06/89-1024x682-1e6cf.jpg]
[i0.wp.com/salonspaw.com/wp-content/uploads/2019/06/89-1024x682-1a5fc.jpg]
[i1.wp.com/salonspaw.com/wp-content/uploads/2019/06/the-Wedding-0470-682x1024-1a88d.jpg]
[i1.wp.com/salonspaw.com/wp-content/uploads/2019/06/the-Wedding-0470-682x1024-1a5fc.jpg]
[i2.wp.com/salonspaw.com/wp-content/uploads/2019/06/IMG_6340-Edit-682x1024-1a88d.jpg]
[i2.wp.com/salonspaw.com/wp-content/uploads/2019/06/IMG_6340-Edit-682x1024-1a5fc.jpg]
[i0.wp.com/salonspaw.com/wp-content/uploads/2019/06/1427-683x1024-1e9e2.jpg]
[i0.wp.com/salonspaw.com/wp-content/uploads/2019/06/1427-683x1024-1a5fc.jpg]
[i1.wp.com/salonspaw.com/wp-content/uploads/2019/06/0457E2-1024x892-1ec82.jpg]
[i1.wp.com/salonspaw.com/wp-content/uploads/2019/06/0457E2-1024x892-1a5fc.jpg]
[i1.wp.com/salonspaw.com/wp-content/uploads/2019/06/D60_4054-Edit-1024x683-1a9a3.jpg]
[i1.wp.com/salonspaw.com/wp-content/uploads/2019/06/D60_4054-Edit-1024x683-1a5fc.jpg]
[i0.wp.com/salonspaw.com/wp-content/uploads/2019/06/0191-681x1024-104d7.jpg]
[i0.wp.com/salonspaw.com/wp-content/uploads/2019/06/0191-681x1024-1a5fc.jpg]
[i0.wp.com/salonspaw.com/wp-content/uploads/2019/06/schaffers_DSC_8296-Edit-2-Edit-683x1024-1e9e2.jpg]
[i0.wp.com/salonspaw.com/wp-content/uploads/2019/06/schaffers_DSC_8296-Edit-2-Edit-683x1024-1a5fc.jpg]
[i1.wp.com/salonspaw.com/wp-content/uploads/2019/06/IMG_6738-Edit-682x1024-1a88d.jpg]
[i1.wp.com/salonspaw.com/wp-content/uploads/2019/06/IMG_6738-Edit-682x1024-1a5fc.jpg]
[i0.wp.com/salonspaw.com/wp-content/uploads/2019/06/IMG_6718-Edit-682x10241-1c4e3.jpg]
[i0.wp.com/salonspaw.com/wp-content/uploads/2019/06/IMG_6718-Edit-682x10241-1dcb9.jpg]
[i0.wp.com/salonspaw.com/wp-content/uploads/2019/06/IMG_6421-Edit-682x1024-1a88d.jpg]
[i0.wp.com/salonspaw.com/wp-content/uploads/2019/06/IMG_6421-Edit-682x1024-1a5fc.jpg]
[i1.wp.com/salonspaw.com/wp-content/uploads/2019/06/IMG_6172-Edit-682x1024-1a88d.jpg]
[i1.wp.com/salonspaw.com/wp-content/uploads/2019/06/IMG_6172-Edit-682x1024-1a5fc.jpg]
[i1.wp.com/salonspaw.com/wp-content/uploads/2019/06/DSC_9308-Edit-2-683x1024-1e9e2.jpg]
[i1.wp.com/salonspaw.com/wp-content/uploads/2019/06/DSC_9308-Edit-2-683x1024-1a5fc.jpg]
[i1.wp.com/salonspaw.com/wp-content/uploads/2019/06/D60_3925-Edit-683x1024-1e9e2.jpg]
[i1.wp.com/salonspaw.com/wp-content/uploads/2019/06/D60_3925-Edit-683x1024-1a5fc.jpg]
[i1.wp.com/salonspaw.com/wp-content/uploads/2019/06/2015-06-14-01.00.54-1024x684-1c44b.jpg]
[i1.wp.com/salonspaw.com/wp-content/uploads/2019/06/2015-06-14-01.00.54-1024x684-1a5fc.jpg]
[i1.wp.com/salonspaw.com/wp-content/uploads/2019/06/1-408-1024x683-1a9a3.jpg]
[i1.wp.com/salonspaw.com/wp-content/uploads/2019/06/1-408-1024x683-1a5fc.jpg]
[i2.wp.com/salonspaw.com/wp-content/uploads/2019/06/Q48A4352-Edit-682x1024-1a88d.jpg]
[i2.wp.com/salonspaw.com/wp-content/uploads/2019/06/Q48A4352-Edit-682x1024-1a5fc.jpg]
[i0.wp.com/salonspaw.com/wp-content/uploads/2019/06/D60_4163-Edit-683x1024-1e9e2.jpg]
[i0.wp.com/salonspaw.com/wp-content/uploads/2019/06/D60_4163-Edit-683x1024-1a5fc.jpg]
[i2.wp.com/salonspaw.com/wp-content/uploads/2019/06/800_3183-Edit-1024x683-1a9a3.jpg]
[i2.wp.com/salonspaw.com/wp-content/uploads/2019/06/800_3183-Edit-1024x683-1a5fc.jpg]
[i1.wp.com/salonspaw.com/wp-content/uploads/2019/06/413-1024x683-1a9a3.jpg]
[i1.wp.com/salonspaw.com/wp-content/uploads/2019/06/413-1024x683-1a5fc.jpg]
[i0.wp.com/salonspaw.com/wp-content/uploads/2019/06/hair04b5.jpg]
[i0.wp.com/salonspaw.com/wp-content/uploads/2019/06/hairec36.jpg]
[salonspaw.com/gallery/index.html]
[salonspaw.com/wp-json/oembed/1.0/embedc0c0.json]
[salonspaw.com/wp-json/oembed/1.0/embed793a]
[i0.wp.com/salonspaw.com/wp-content/uploads/2019/06/l-elle-magazine3703.jpg]
[i2.wp.com/salonspaw.com/wp-content/uploads/2019/06/l-brides-magazinef887.jpg]
[i2.wp.com/salonspaw.com/wp-content/uploads/2019/06/l-salon-today719b.jpg]
[i0.wp.com/salonspaw.com/wp-content/uploads/2019/06/l-naha39b0.jpg]
[i1.wp.com/salonspaw.com/wp-content/uploads/2019/06/elle-2012e81a.jpg]
[i1.wp.com/salonspaw.com/wp-content/uploads/2019/06/elle-20129723.jpg]
[i1.wp.com/salonspaw.com/wp-content/uploads/2019/06/elle-2013e81a.jpg]
[i1.wp.com/salonspaw.com/wp-content/uploads/2019/06/elle-20139723.jpg]
[i2.wp.com/salonspaw.com/wp-content/uploads/2019/06/elle-2011e81a.jpg]
[i2.wp.com/salonspaw.com/wp-content/uploads/2019/06/elle-20119723.jpg]
[i0.wp.com/salonspaw.com/wp-content/uploads/2019/06/gallery-1436739973-elle-august-15-cover-margot-robbiee81a.jpg]
[i0.wp.com/salonspaw.com/wp-content/uploads/2019/06/gallery-1436739973-elle-august-15-cover-margot-robbie9723.jpg]
[i1.wp.com/salonspaw.com/wp-content/uploads/2019/06/ciara-cover_brides_500e81a.jpg]
[i1.wp.com/salonspaw.com/wp-content/uploads/2019/06/ciara-cover_brides_5009723.jpg]
[i0.wp.com/salonspaw.com/wp-content/uploads/2019/06/Modern-Salon-Cover-June-2019369f.png]
[i0.wp.com/salonspaw.com/wp-content/uploads/2019/06/Modern-Salon-Cover-June-20199723.png]
[i1.wp.com/salonspaw.com/wp-content/uploads/2019/06/Canadian-Hairdresser-Cover-20199ca4.png]
[i0.wp.com/salonspaw.com/wp-content/uploads/2019/06/Salon-Today-March-20198bff.png]
[i0.wp.com/salonspaw.com/wp-content/uploads/2019/06/Salon-Today-March-20199723.png]
[i1.wp.com/salonspaw.com/wp-content/uploads/2019/06/Salon-Today-January-20198bff.png]
[i1.wp.com/salonspaw.com/wp-content/uploads/2019/06/Salon-Today-January-20199723.png]
[i1.wp.com/salonspaw.com/wp-content/uploads/2019/06/ST-Jan-2012-Covere81a.jpg]
[i1.wp.com/salonspaw.com/wp-content/uploads/2019/06/ST-Jan-2012-Cover9723.jpg]
[i2.wp.com/salonspaw.com/wp-content/uploads/2019/06/st200-jan-feb-1e81a.jpg]
[i2.wp.com/salonspaw.com/wp-content/uploads/2019/06/st200-jan-feb-19723.jpg]
[i0.wp.com/salonspaw.com/wp-content/uploads/2019/06/ST200Cover2014-1000e81a.jpg]
[i0.wp.com/salonspaw.com/wp-content/uploads/2019/06/ST200Cover2014-10009723.jpg]
[i1.wp.com/salonspaw.com/wp-content/uploads/2019/06/L-STY-991-5-1e81a.jpg]
[i1.wp.com/salonspaw.com/wp-content/uploads/2019/06/L-STY-991-5-19723.jpg]
[i0.wp.com/salonspaw.com/wp-content/uploads/2019/06/SalonToday13e81a.jpg]
[i0.wp.com/salonspaw.com/wp-content/uploads/2019/06/SalonToday139723.jpg]
[i0.wp.com/salonspaw.com/wp-content/uploads/2019/06/20101e81a.jpg]
[i0.wp.com/salonspaw.com/wp-content/uploads/2019/06/201019723.jpg]
[i1.wp.com/salonspaw.com/wp-content/uploads/2019/06/January-2016-1-1e81a.jpg]
[i1.wp.com/salonspaw.com/wp-content/uploads/2019/06/January-2016-1-19723.jpg]
[i0.wp.com/salonspaw.com/wp-content/uploads/2019/06/L-ST200-2017-1-1e81a.jpg]
[i0.wp.com/salonspaw.com/wp-content/uploads/2019/06/L-ST200-2017-1-19723.jpg]
[salonspaw.com/press/index.html]
[salonspaw.com/wp-json/oembed/1.0/embed056d.json]
[salonspaw.com/wp-json/oembed/1.0/embedb3c7]
[i0.wp.com/salonspaw.com/wp-content/uploads/2019/07/careers-page-bannereb45.jpg]
[salonspaw.com/commercial-booking/index.html]
[salonspaw.com/wp-json/oembed/1.0/embed6bc5.json]
[salonspaw.com/careers-team/feed/index.html]
[salonspaw.com/wp-json/oembed/1.0/embed3380]
[i1.wp.com/salonspaw.com/wp-content/uploads/2019/12/7F20DDDE-3F55-4A52-AC62-E2DE529BD58A_1_201_a-4-scaled1bb9.jpg]
[salonspaw.com/careers-team/index.html]
[salonspaw.com/wp-json/oembed/1.0/embed77ed.json]
[salonspaw.com/wp-json/oembed/1.0/embeddfb2]
[salonspaw.com/wp-content/plugins/everest-forms/assets/css/flatpickr.css]
[salonspaw.com/wp-content/plugins/everest-forms/assets/js/flatpickr/flatpickr.min.js]
[salonspaw.com/wp-content/plugins/everest-forms/assets/js/mailcheck/mailcheck.min.js]
[salonspaw.com/wp-content/plugins/everest-forms-pro/assets/js/signature_pad/signature_pad.umd.js]
[salonspaw.com/wp-content/plugins/everest-forms-pro/assets/js/frontend/signature.min.js]
[salonspaw.com/careers-model/index.html]
[salonspaw.com/wp-content/uploads/elfsight-instagram-feed/elfsight-instagram-feed-custom.css]
[s0.wp.com/wp-content/js/devicepx-jetpack.js]
[salonspaw.com/g.gif]
[salonspaw.com/c.gif]
[salonspaw.com/t.gif]
[stats.wp.com/e-202003.js]
[salonspaw.com/wp-content/plugins/everest-forms/assets/fonts/EverestForms2eb7.svg]
[salonspaw.com/wp-content/plugins/everest-forms/assets/images/icons/loader.svg]
[salonspaw.com/wp-content/plugins/magee-shortcodes/assets/font-awesome/fonts/fontawesome-webfont93e3.svg]
[salonspaw.com/wp-content/plugins/magee-shortcodes/assets/bootstrap/fonts/glyphicons-halflings-regular.svg]
[salonspaw.com/wp-content/plugins/magee-shortcodes/assets/weathericons/font/weathericons-regular-webfont.svg]
[salonspaw.com/wp-content/themes/salon-spa-w/fonts/helveticaneue_light-webfont.svg]
[salonspaw.com/wp-content/themes/salon-spa-w/fonts/helveticaneue-ultralight-webfont.svg]
[salonspaw.com/wp-content/themes/salon-spa-w/images/search.html]
[salonspaw.com/wp-content/plugins/master-slider/public/assets/css/skins/minimal.svg]
[salonspaw.com/wp-content/plugins/media-element-html5-video-and-audio-player/mediaelement/v4/mejs-controls.svg]
[salonspaw.com/indexc4f7.html]
[salonspaw.com/indexd8eb.html]
[salonspaw.com/index5831.html]
[salonspaw.com/wp-json/oembed/1.0/embed238b.json]
[salonspaw.com/wp-json/oembed/1.0/embed5bd8]
[i1.wp.com/salonspaw.com/wp-content/uploads/2019/06/china-wongde19.jpg]
[salonspaw.com/team/china-wong/index.html]
[salonspaw.com/wp-json/oembed/1.0/embedbd7b.json]
[salonspaw.com/wp-json/oembed/1.0/embedf444]
[salonspaw.com/team/katie-jo/index.html]
[salonspaw.com/wp-json/oembed/1.0/embed18de.json]
[salonspaw.com/wp-json/oembed/1.0/embed955f]
[salonspaw.com/team/corbin/index.html]
[salonspaw.com/wp-json/oembed/1.0/embed53f2.json]
[salonspaw.com/wp-json/oembed/1.0/embedd80e]
[salonspaw.com/team/mollie/index.html]
[salonspaw.com/wp-json/oembed/1.0/embedfa09.json]
[salonspaw.com/wp-json/oembed/1.0/embed1f70]
[salonspaw.com/team/elle/index.html]
[salonspaw.com/wp-json/oembed/1.0/embed3b02.json]
[salonspaw.com/wp-json/oembed/1.0/embedce9f]
[salonspaw.com/team/lauren/index.html]
[salonspaw.com/wp-json/oembed/1.0/embed1312.json]
[salonspaw.com/wp-json/oembed/1.0/embed04e2]
[salonspaw.com/team/madi/index.html]
[salonspaw.com/wp-json/oembed/1.0/embed8488.json]
[salonspaw.com/wp-json/oembed/1.0/embed52fb]
[salonspaw.com/team/mc/index.html]
[salonspaw.com/wp-json/oembed/1.0/embed2e4e.json]
[salonspaw.com/wp-json/oembed/1.0/embed0a85]
[salonspaw.com/team/kaylynn/index.html]
[salonspaw.com/wp-json/oembed/1.0/embed4b51.json]
[salonspaw.com/wp-json/oembed/1.0/embed7f29]
[salonspaw.com/team/jamie/index.html]
[salonspaw.com/wp-json/oembed/1.0/embed669c.json]
[salonspaw.com/wp-json/oembed/1.0/embedf350]
[salonspaw.com/team/blakelee/index.html]
[salonspaw.com/wp-json/oembed/1.0/embed759b.json]
[salonspaw.com/wp-json/oembed/1.0/embeda1db]
[salonspaw.com/team/carin/index.html]
[salonspaw.com/wp-json/oembed/1.0/embed9852.json]
[salonspaw.com/wp-json/oembed/1.0/embede0bf]
[salonspaw.com/team/bri/index.html]
[salonspaw.com/wp-json/oembed/1.0/embed327b.json]
[salonspaw.com/wp-json/oembed/1.0/embed814a]
[salonspaw.com/team/ruby/index.html]
[salonspaw.com/wp-json/oembed/1.0/embedbe71.json]
[salonspaw.com/wp-json/oembed/1.0/embed7c7a]
[salonspaw.com/team/amber/index.html]
[salonspaw.com/wp-json/oembed/1.0/embed8c0f.json]
[salonspaw.com/wp-json/oembed/1.0/embed732b]
[salonspaw.com/team/emily/index.html]
[salonspaw.com/wp-json/oembed/1.0/embed4ab4.json]
[salonspaw.com/wp-json/oembed/1.0/embed7fae]
[salonspaw.com/team/avalon/index.html]
[salonspaw.com/wp-json/oembed/1.0/embed9ee1.json]
[salonspaw.com/wp-json/oembed/1.0/embed9e95]
[salonspaw.com/team/makaylah/index.html]
[salonspaw.com/wp-json/oembed/1.0/embedcb0b.json]
[salonspaw.com/wp-json/oembed/1.0/embed4878]
[salonspaw.com/team/morgan/index.html]
[salonspaw.com/wp-json/oembed/1.0/embedb364.json]
[salonspaw.com/wp-json/oembed/1.0/embede6c7]
[salonspaw.com/team/sarah/index.html]
[salonspaw.com/wp-json/oembed/1.0/embed0c77.json]
[salonspaw.com/wp-json/oembed/1.0/embed8a77]
[salonspaw.com/team/rian/index.html]
[salonspaw.com/wp-json/oembed/1.0/embed90e8.json]
[salonspaw.com/wp-json/oembed/1.0/embed1d1b]
[salonspaw.com/team/mia/index.html]
[salonspaw.com/wp-json/oembed/1.0/embedc4b0.json]
[salonspaw.com/wp-json/oembed/1.0/embede977]
[salonspaw.com/team/kamille/index.html]
[salonspaw.com/wp-json/oembed/1.0/embed924a.json]
[salonspaw.com/wp-json/oembed/1.0/embedf7c4]
[salonspaw.com/team/karli/index.html]
[salonspaw.com/wp-json/oembed/1.0/embed4201.json]
[salonspaw.com/wp-json/oembed/1.0/embed4a9e]
[salonspaw.com/team/zoey/index.html]
[salonspaw.com/wp-json/oembed/1.0/embed5fa6.json]
[salonspaw.com/wp-json/oembed/1.0/embeda7b9]
[salonspaw.com/team/lavinia/index.html]
[salonspaw.com/wp-json/oembed/1.0/embed08ac.json]
[salonspaw.com/wp-json/oembed/1.0/embed8858]
[salonspaw.com/team/jenna/index.html]
[salonspaw.com/wp-json/oembed/1.0/embed4cde.json]
[salonspaw.com/wp-json/oembed/1.0/embed5a24]
[salonspaw.com/team/joey/index.html]
[salonspaw.com/indexe145.html]
[salonspaw.com/index40a0.html]
[salonspaw.com/index970c.html]
[salonspaw.com/index64b4.html]
[salonspaw.com/index905b.html]
[salonspaw.com/index3674.html]
[salonspaw.com/wp-content/plugins/everest-forms/assets/css/flatpickr.css]
[salonspaw.com/g.html]
[salonspaw.com/c.html]
[salonspaw.com/t.html]
[demo.mageewp.com/wootest/wp-content/uploads/sites/31/2016/11/Image_02.png]
[demo.mageewp.com/wootest/wp-content/uploads/sites/31/2016/11/16110810_1.jpg]
[salonspaw.com/index8ee7.html]
[salonspaw.com//team/index.html]
[salonspaw.com//team-colorists/index.html]
[salonspaw.com//team-spa-specialists/index.html]
[salonspaw.com//team-guest-services/index.html]
[salonspaw.com/index80a3.html]
[salonspaw.com/index6150.html]
[salonspaw.com/index8fbb.html]
[salonspaw.com/indexbc6e.html]
[salonspaw.com/indexc9bf.html]
[salonspaw.com/indexcaf0.html]
[salonspaw.com/index55d4.html]
[salonspaw.com/index9f0a.html]
[salonspaw.com/index7080.html]
[salonspaw.com/index2206.html]
[salonspaw.com/index17f1.html]
[salonspaw.com/index76f0.html]
[salonspaw.com/index4bd3.html]
[salonspaw.com/index481e.html]
[salonspaw.com/index18ee.html]
[salonspaw.com/index0261.html]
[salonspaw.com/index2842.html]
[salonspaw.com/index2167.html]
[salonspaw.com/indexa7ab.html]
[salonspaw.com/index60bd.html]
[salonspaw.com/indexfcc0.html]
[salonspaw.com/indexdf01.html]
[salonspaw.com/indexaad3.html]
[salonspaw.com/indexf175.html]
[salonspaw.com/index42fe.html]
[salonspaw.com/index0ecd.html]
[salonspaw.com/indexe0b1.html]
[salonspaws.com/wp-content/themes/salon-spa-w/images/iowa-silhouette.png]
[salonspaw.com/wp-json/oembed/1.0/embed8880.json]
[salonspaw.com/wp-json/oembed/1.0/embed614a]
[salonspaw.com/team-colorists/index.html]
[salonspaw.com/wp-json/oembed/1.0/embedfc2c.json]
[salonspaw.com/wp-json/oembed/1.0/embedf7d3]
[salonspaw.com/team-spa-specialists/index.html]
[salonspaw.com/wp-json/oembed/1.0/embed3f0c.json]
[salonspaw.com/wp-json/oembed/1.0/embed95df]
[salonspaw.com/team-guest-services/index.html]
[salonspaw.com/index0449.html]
[salonspaw.com/indexae62.html]
[salonspaw.com/index0945.html]
